src/components/GeneratorLayout.tsx(4,1): error TS6133: 'DynamicNavbar' is declared but its value is never read.
src/components/GeneratorLayout.tsx(5,1): error TS6133: 'DynamicHero' is declared but its value is never read.
src/components/GeneratorLayout.tsx(6,1): error TS6133: 'DynamicProductGrid' is declared but its value is never read.
src/components/GeneratorLayout.tsx(7,1): error TS6133: 'DynamicCart' is declared but its value is never read.
src/components/GeneratorLayout.tsx(17,7): error TS6133: 'parseCssVars' is declared but its value is never read.
